<html>
<body>
<pre>
<h1>µVision Build Log</h1>
<h2>Tool Versions:</h2>
IDE-Version: µVision V5.39.0.0
Copyright (C) 2023 ARM Ltd and ARM Germany GmbH. All rights reserved.
License Information: Huy Minh, X, LIC=ATTQ1-C0FJ4-LQ00Q-NRGC8-QM63E-6Q9HV
 
Tool Versions:
Toolchain:       MDK-ARM Plus  Version: 5.39.0.0
Toolchain Path:  C:\Keil_v5\ARM\ARMCLANG\Bin
C Compiler:      ArmClang.exe V6.21
Assembler:       Armasm.exe V6.21
Linker/Locator:  ArmLink.exe V6.21
Library Manager: ArmAr.exe V6.21
Hex Converter:   FromElf.exe V6.21
CPU DLL:         SARMCM3.DLL V5.39.0.0
Dialog DLL:      DCM.DLL V1.17.5.0
Target DLL:      UL2CM3.DLL V1.164.9.0
Dialog DLL:      TCM.DLL V1.56.4.0
 
<h2>Project:</h2>
C:\Users\PC\Desktop\New folder\CAN\canTx.uvprojx
Project File Date:  06/10/2024

<h2>Output:</h2>
*** Using Compiler 'V6.21', folder: 'C:\Keil_v5\ARM\ARMCLANG\Bin'
Build target 'Target 1'
canTx.c(1): warning: In file included from...
C:/Users/PC/AppData/Local/Arm/Packs/Keil/STM32F1xx_DFP/2.4.1/Device/Include\stm32f10x.h(18): warning: invalid UTF-8 in comment [-Winvalid-utf8]
   18 |   *              - To use or not the peripheral<92>s drivers in application code(i.e. 
      |                                                ^
C:/Users/PC/AppData/Local/Arm/Packs/Keil/STM32F1xx_DFP/2.4.1/Device/Include\stm32f10x.h(19): warning: invalid UTF-8 in comment [-Winvalid-utf8]
   19 |   *                code will be based on direct access to peripheral<92>s registers 
      |                                                                     ^
C:/Users/PC/AppData/Local/Arm/Packs/Keil/STM32F1xx_DFP/2.4.1/Device/Include\stm32f10x.h(26): warning: invalid UTF-8 in comment [-Winvalid-utf8]
   26 |   *           - Macros to access peripheral<92>s registers hardware
      |                                            ^
canTx.c(1): warning: In file included from...
C:/Users/PC/AppData/Local/Arm/Packs/Keil/STM32F1xx_DFP/2.4.1/Device/Include\stm32f10x.h(8347): warning: In file included from...
./RTE/Device/STM32F103C8\stm32f10x_conf.h(36): warning: In file included from...
C:/Users/PC/AppData/Local/Arm/Packs/Keil/STM32F1xx_DFP/2.4.1/Device/StdPeriph_Driver/inc\stm32f10x_can.h(31): warning: In file included from...
C:/Users/PC/AppData/Local/Arm/Packs/Keil/STM32F1xx_DFP/2.4.1/Device/Include\stm32f10x.h(18): warning: invalid UTF-8 in comment [-Winvalid-utf8]
   18 |   *              - To use or not the peripheral<92>s drivers in application code(i.e. 
      |                                                ^
C:/Users/PC/AppData/Local/Arm/Packs/Keil/STM32F1xx_DFP/2.4.1/Device/Include\stm32f10x.h(19): warning: invalid UTF-8 in comment [-Winvalid-utf8]
   19 |   *                code will be based on direct access to peripheral<92>s registers 
      |                                                                     ^
C:/Users/PC/AppData/Local/Arm/Packs/Keil/STM32F1xx_DFP/2.4.1/Device/Include\stm32f10x.h(26): warning: invalid UTF-8 in comment [-Winvalid-utf8]
   26 |   *           - Macros to access peripheral<92>s registers hardware
      |                                            ^
canTx.c(1): warning: In file included from...
C:/Users/PC/AppData/Local/Arm/Packs/Keil/STM32F1xx_DFP/2.4.1/Device/Include\stm32f10x.h(8347): warning: In file included from...
./RTE/Device/STM32F103C8\stm32f10x_conf.h(63): warning: In file included from...
C:/Users/PC/AppData/Local/Arm/Packs/Keil/STM32F1xx_DFP/2.4.1/Device/StdPeriph_Driver/inc\stm32f10x_gpio.h(31): warning: In file included from...
C:/Users/PC/AppData/Local/Arm/Packs/Keil/STM32F1xx_DFP/2.4.1/Device/Include\stm32f10x.h(18): warning: invalid UTF-8 in comment [-Winvalid-utf8]
   18 |   *              - To use or not the peripheral<92>s drivers in application code(i.e. 
      |                                                ^
C:/Users/PC/AppData/Local/Arm/Packs/Keil/STM32F1xx_DFP/2.4.1/Device/Include\stm32f10x.h(19): warning: invalid UTF-8 in comment [-Winvalid-utf8]
   19 |   *                code will be based on direct access to peripheral<92>s registers 
      |                                                                     ^
C:/Users/PC/AppData/Local/Arm/Packs/Keil/STM32F1xx_DFP/2.4.1/Device/Include\stm32f10x.h(26): warning: invalid UTF-8 in comment [-Winvalid-utf8]
   26 |   *           - Macros to access peripheral<92>s registers hardware
      |                                            ^
canTx.c(1): warning: In file included from...
C:/Users/PC/AppData/Local/Arm/Packs/Keil/STM32F1xx_DFP/2.4.1/Device/Include\stm32f10x.h(8347): warning: In file included from...
./RTE/Device/STM32F103C8\stm32f10x_conf.h(75): warning: In file included from...
C:/Users/PC/AppData/Local/Arm/Packs/Keil/STM32F1xx_DFP/2.4.1/Device/StdPeriph_Driver/inc\stm32f10x_rcc.h(31): warning: In file included from...
C:/Users/PC/AppData/Local/Arm/Packs/Keil/STM32F1xx_DFP/2.4.1/Device/Include\stm32f10x.h(18): warning: invalid UTF-8 in comment [-Winvalid-utf8]
   18 |   *              - To use or not the peripheral<92>s drivers in application code(i.e. 
      |                                                ^
C:/Users/PC/AppData/Local/Arm/Packs/Keil/STM32F1xx_DFP/2.4.1/Device/Include\stm32f10x.h(19): warning: invalid UTF-8 in comment [-Winvalid-utf8]
   19 |   *                code will be based on direct access to peripheral<92>s registers 
      |                                                                     ^
C:/Users/PC/AppData/Local/Arm/Packs/Keil/STM32F1xx_DFP/2.4.1/Device/Include\stm32f10x.h(26): warning: invalid UTF-8 in comment [-Winvalid-utf8]
   26 |   *           - Macros to access peripheral<92>s registers hardware
      |                                            ^
canTx.c(1): warning: In file included from...
C:/Users/PC/AppData/Local/Arm/Packs/Keil/STM32F1xx_DFP/2.4.1/Device/Include\stm32f10x.h(8347): warning: In file included from...
./RTE/Device/STM32F103C8\stm32f10x_conf.h(96): warning: In file included from...
C:/Users/PC/AppData/Local/Arm/Packs/Keil/STM32F1xx_DFP/2.4.1/Device/StdPeriph_Driver/inc\misc.h(31): warning: In file included from...
C:/Users/PC/AppData/Local/Arm/Packs/Keil/STM32F1xx_DFP/2.4.1/Device/Include\stm32f10x.h(18): warning: invalid UTF-8 in comment [-Winvalid-utf8]
   18 |   *              - To use or not the peripheral<92>s drivers in application code(i.e. 
      |                                                ^
C:/Users/PC/AppData/Local/Arm/Packs/Keil/STM32F1xx_DFP/2.4.1/Device/Include\stm32f10x.h(19): warning: invalid UTF-8 in comment [-Winvalid-utf8]
   19 |   *                code will be based on direct access to peripheral<92>s registers 
      |                                                                     ^
C:/Users/PC/AppData/Local/Arm/Packs/Keil/STM32F1xx_DFP/2.4.1/Device/Include\stm32f10x.h(26): warning: invalid UTF-8 in comment [-Winvalid-utf8]
   26 |   *           - Macros to access peripheral<92>s registers hardware
      |                                            ^
canTx.c(6): warning: no previous extern declaration for non-static variable 'id' [-Wmissing-variable-declarations]
    6 | uint16_t id = 0x234;
      |          ^
canTx.c(6): note: declare 'static' if the variable is not intended to be used outside of this translation unit
    6 | uint16_t id = 0x234;
      | ^
canTx.c(8): warning: no previous extern declaration for non-static variable 'data' [-Wmissing-variable-declarations]
    8 | uint8_t data[8] = {0x10, 0x20, 0x30, 0x40, 0x50, 0x60, 0x70, 0x80};
      |         ^
canTx.c(8): note: declare 'static' if the variable is not intended to be used outside of this translation unit
    8 | uint8_t data[8] = {0x10, 0x20, 0x30, 0x40, 0x50, 0x60, 0x70, 0x80};
      | ^
canTx.c(11): warning: a function declaration without a prototype is deprecated in all versions of C [-Wstrict-prototypes]
   11 | void RCC_Config(){
      |                ^
      |                 void
canTx.c(11): warning: no previous prototype for function 'RCC_Config' [-Wmissing-prototypes]
   11 | void RCC_Config(){
      |      ^
canTx.c(11): note: declare 'static' if the function is not intended to be used outside of this translation unit
   11 | void RCC_Config(){
      | ^
      | static 
canTx.c(17): warning: a function declaration without a prototype is deprecated in all versions of C [-Wstrict-prototypes]
   17 | void GPIO_Config(){
      |                 ^
      |                  void
canTx.c(17): warning: no previous prototype for function 'GPIO_Config' [-Wmissing-prototypes]
   17 | void GPIO_Config(){
      |      ^
canTx.c(17): note: declare 'static' if the function is not intended to be used outside of this translation unit
   17 | void GPIO_Config(){
      | ^
      | static 
canTx.c(32): warning: a function declaration without a prototype is deprecated in all versions of C [-Wstrict-prototypes]
   32 | void CAN_Config(){
      |                ^
      |                 void
canTx.c(32): warning: no previous prototype for function 'CAN_Config' [-Wmissing-prototypes]
   32 | void CAN_Config(){
      |      ^
canTx.c(32): note: declare 'static' if the function is not intended to be used outside of this translation unit
   32 | void CAN_Config(){
      | ^
      | static 
canTx.c(49): warning: a function declaration without a prototype is deprecated in all versions of C [-Wstrict-prototypes]
   49 | void CAN_Filter_Config(){
      |                       ^
      |                        void
canTx.c(56): warning: implicit conversion loses integer precision: 'int' to 'uint16_t' (aka 'unsigned short') [-Wimplicit-int-conversion]
   56 |            FilterInit.CAN_FilterIdHigh =  id << 5; // id 11 bit phai dich qua 5 bit
      |                                        ~  ~~~^~~~
canTx.c(49): warning: no previous prototype for function 'CAN_Filter_Config' [-Wmissing-prototypes]
   49 | void CAN_Filter_Config(){
      |      ^
canTx.c(49): note: declare 'static' if the function is not intended to be used outside of this translation unit
   49 | void CAN_Filter_Config(){
      | ^
      | static 
canTx.c(65): warning: declaration shadows a variable in the global scope [-Wshadow]
   65 | void Transmmit(uint8_t *data, uint8_t len){
      |                         ^
canTx.c(8): note: previous declaration is here
    8 | uint8_t data[8] = {0x10, 0x20, 0x30, 0x40, 0x50, 0x60, 0x70, 0x80};
      |         ^
canTx.c(1): warning: In file included from...
C:/Users/PC/AppData/Local/Arm/Packs/Keil/STM32F1xx_DFP/2.4.1/Device/Include\stm32f10x.h(8347): warning: In file included from...
./RTE/Device/STM32F103C8\stm32f10x_conf.h(36): warning: In file included from...
C:/Users/PC/AppData/Local/Arm/Packs/Keil/STM32F1xx_DFP/2.4.1/Device/StdPeriph_Driver/inc\stm32f10x_can.h(144): warning: padding size of 'CanTxMsg' with 1 byte to alignment boundary [-Wpadded]
  144 | typedef struct
      |         ^
canTx.c(65): warning: no previous prototype for function 'Transmmit' [-Wmissing-prototypes]
   65 | void Transmmit(uint8_t *data, uint8_t len){
      |      ^
canTx.c(65): note: declare 'static' if the function is not intended to be used outside of this translation unit
   65 | void Transmmit(uint8_t *data, uint8_t len){
      | ^
      | static 
canTx.c(79): warning: a function declaration without a prototype is deprecated in all versions of C [-Wstrict-prototypes]
   79 | void Receive(){
      |             ^
      |              void
canTx.c(79): warning: no previous prototype for function 'Receive' [-Wmissing-prototypes]
   79 | void Receive(){
      |      ^
canTx.c(79): note: declare 'static' if the function is not intended to be used outside of this translation unit
   79 | void Receive(){
      | ^
      | static 
canTx.c(90): warning: a function declaration without a prototype is deprecated in all versions of C [-Wstrict-prototypes]
   90 | int main(){
      |         ^
      |          void
canTx.c(7): warning: no previous extern declaration for non-static variable 'ID' [-Wmissing-variable-declarations]
    7 | uint32_t ID;
      |          ^
canTx.c(7): note: declare 'static' if the variable is not intended to be used outside of this translation unit
    7 | uint32_t ID;
      | ^
canTx.c(9): warning: no previous extern declaration for non-static variable 'TestArray' [-Wmissing-variable-declarations]
    9 | uint8_t TestArray[8];
      |         ^
canTx.c(9): note: declare 'static' if the variable is not intended to be used outside of this translation unit
    9 | uint8_t TestArray[8];
      | ^
canTx.c(74): warning: unsafe buffer access [-Wunsafe-buffer-usage]
   74 |          TxMessage.Data[i] = data[i];
      |          ^~~~~~~~~~~~~~
canTx.c(74): warning: unsafe buffer access [-Wunsafe-buffer-usage]
   74 |          TxMessage.Data[i] = data[i];
      |                              ^~~~
canTx.c(86): warning: unsafe buffer access [-Wunsafe-buffer-usage]
   86 |       TestArray[i] = RxMessage.Data[i];
      |       ^~~~~~~~~
canTx.c(86): warning: unsafe buffer access [-Wunsafe-buffer-usage]
   86 |       TestArray[i] = RxMessage.Data[i];
      |                      ^~~~~~~~~~~~~~
38 warnings generated.
compiling canTx.c...
linking...
Program Size: Code=1912 RO-data=268 RW-data=12 ZI-data=1636  
".\Objects\canTx.axf" - 0 Error(s), 38 Warning(s).

<h2>Software Packages used:</h2>

Package Vendor: ARM
                http://www.keil.com/pack/ARM.CMSIS.5.9.0.pack
                ARM::CMSIS@5.9.0
                CMSIS (Common Microcontroller Software Interface Standard)
   * Component: CORE Version: 5.6.0

Package Vendor: Keil
                https://www.keil.com/pack/Keil.STM32F1xx_DFP.2.4.1.pack
                Keil::STM32F1xx_DFP@2.4.1
                STMicroelectronics STM32F1 Series Device Support, Drivers and Examples
   * Component: Startup Version: 1.0.0
   * Component: CAN Version: 3.6.0
   * Component: Framework Version: 3.6.0
   * Component: GPIO Version: 3.6.0
   * Component: RCC Version: 3.6.0

<h2>Collection of Component include folders:</h2>
  ./RTE/Device/STM32F103C8
  ./RTE/_Target_1
  C:/Users/PC/AppData/Local/Arm/Packs/ARM/CMSIS/5.9.0/CMSIS/Core/Include
  C:/Users/PC/AppData/Local/Arm/Packs/Keil/STM32F1xx_DFP/2.4.1/Device/Include
  C:/Users/PC/AppData/Local/Arm/Packs/Keil/STM32F1xx_DFP/2.4.1/Device/StdPeriph_Driver/inc

<h2>Collection of Component Files used:</h2>

   * Component: ARM::CMSIS:CORE@5.6.0

   * Component: Keil::Device:Startup@1.0.0
      Source file:   Device/Source/ARM/STM32F1xx_OPT.s
      Source file:   Device/Source/ARM/startup_stm32f10x_md.s
      Source file:   Device/Source/system_stm32f10x.c
      Include file:  RTE_Driver/Config/RTE_Device.h

   * Component: Keil::Device:StdPeriph Drivers:CAN@3.6.0
      Include file:  Device/StdPeriph_Driver/inc/stm32f10x_can.h
      Source file:   Device/StdPeriph_Driver/src/stm32f10x_can.c

   * Component: Keil::Device:StdPeriph Drivers:Framework@3.6.0
      Source file:   Device/StdPeriph_Driver/src/misc.c
      Source file:   Device/StdPeriph_Driver/templates/stm32f10x_conf.h
      Include file:  Device/StdPeriph_Driver/templates/stm32f10x_it.h
      Include file:  Device/StdPeriph_Driver/inc/misc.h
      Source file:   Device/StdPeriph_Driver/templates/stm32f10x_it.c

   * Component: Keil::Device:StdPeriph Drivers:GPIO@3.6.0
      Include file:  Device/StdPeriph_Driver/inc/stm32f10x_gpio.h
      Source file:   Device/StdPeriph_Driver/src/stm32f10x_gpio.c

   * Component: Keil::Device:StdPeriph Drivers:RCC@3.6.0
      Include file:  Device/StdPeriph_Driver/inc/stm32f10x_rcc.h
      Source file:   Device/StdPeriph_Driver/src/stm32f10x_rcc.c
Build Time Elapsed:  00:00:00
</pre>
</body>
</html>
